// Jest Snapshot v1, https://goo.gl/fbAQLP

exports[`ImageDisplay component matches a snapshot 1`] = `
<img
  src="https://www.dmv.ca.gov/imageserver/dmv/images/vr/regcard_w_arrow2.jpg"
/>
`;
